[ds1-iiith.vlabs.ac.in/exp/bubble-sort/index.html]
[backblue.gif]
[fade.gif]
[index.html]
[ds1-iiith.vlabs.ac.in/exp/bubble-sort/assets/images/favicon.ico]
[ds1-iiith.vlabs.ac.in/exp/bubble-sort/assets/css/bootstrap.min.css]
[cdnjs.cloudflare.com/ajax/libs/github-markdown-css/4.0.0/github-markdown.min.css]
[ds1-iiith.vlabs.ac.in/exp/bubble-sort/assets/fonts/font-awesome-4.7.0/css/font-awesome.min.css]
[ds1-iiith.vlabs.ac.in/exp/bubble-sort/assets/css/github-markdown.min.css]
[ds1-iiith.vlabs.ac.in/exp/bubble-sort/assets/css/vlabs-style.css]
[ds1-iiith.vlabs.ac.in/exp/bubble-sort/assets/js/jquery-3.4.1.slim.min.js]
[cdn.jsdelivr.net/npm/@popperjs/core@2.5.4/dist/umd/popper.min.js]
[cdn.jsdelivr.net/npm/bootstrap@5.0.0-beta1/dist/js/bootstrap.min.js]
[ds1-iiith.vlabs.ac.in/exp/bubble-sort/assets/images/vlabs-color-small-moe.jpg]
[ds1-iiith.vlabs.ac.in/exp/bubble-sort/overview.html]
[ds1-iiith.vlabs.ac.in/exp/bubble-sort/recap.html]
[ds1-iiith.vlabs.ac.in/exp/bubble-sort/pretest.html]
[ds1-iiith.vlabs.ac.in/exp/bubble-sort/bubble-sort/index.html]
[ds1-iiith.vlabs.ac.in/exp/bubble-sort/bubble-sort/basic-concept.html]
[ds1-iiith.vlabs.ac.in/exp/bubble-sort/bubble-sort/bsalgo.html]
[ds1-iiith.vlabs.ac.in/exp/bubble-sort/bubble-sort/bsdemo.html]
[ds1-iiith.vlabs.ac.in/exp/bubble-sort/bubble-sort/bspractice.html]
[ds1-iiith.vlabs.ac.in/exp/bubble-sort/bubble-sort/bsexercise.html]
[ds1-iiith.vlabs.ac.in/exp/bubble-sort/bubble-sort/bubble-sort-quiz.html]
[ds1-iiith.vlabs.ac.in/exp/bubble-sort/optimized-bubblesort/index.html]
[ds1-iiith.vlabs.ac.in/exp/bubble-sort/optimized-bubblesort/optimization-technique.html]
[ds1-iiith.vlabs.ac.in/exp/bubble-sort/optimized-bubblesort/opt-bs-demo.html]
[ds1-iiith.vlabs.ac.in/exp/bubble-sort/optimized-bubblesort/opt-bs-practice.html]
[ds1-iiith.vlabs.ac.in/exp/bubble-sort/optimized-bubblesort/opt-bs-exercise.html]
[ds1-iiith.vlabs.ac.in/exp/bubble-sort/optimized-bubblesort/opt-bs-quiz.html]
[ds1-iiith.vlabs.ac.in/exp/bubble-sort/analysis/index.html]
[ds1-iiith.vlabs.ac.in/exp/bubble-sort/analysis/overview.html]
[ds1-iiith.vlabs.ac.in/exp/bubble-sort/analysis/time-and-space-complexity-of-bubble-sort.html]
[ds1-iiith.vlabs.ac.in/exp/bubble-sort/analysis/time-and-spce-complexity.html]
[ds1-iiith.vlabs.ac.in/exp/bubble-sort/analysis/stability-of-bubble-sort.html]
[ds1-iiith.vlabs.ac.in/exp/bubble-sort/analysis/comparison-with-other-algorithms.html]
[ds1-iiith.vlabs.ac.in/exp/bubble-sort/analysis/analysis-quiz.html]
[ds1-iiith.vlabs.ac.in/exp/bubble-sort/posttest.html]
[ds1-iiith.vlabs.ac.in/exp/bubble-sort/further-reading-and-references.html]
[ds1-iiith.vlabs.ac.in/exp/bubble-sort/feedback.html]
[ds1-iiith.vlabs.ac.in/exp/bubble-sort/index.html]
[www.googletagmanager.com/gtm5445.html]
[ds1-iiith.vlabs.ac.in/exp/bubble-sort/assets/css/bootstrap.min.css]
[cdnjs.cloudflare.com/ajax/libs/github-markdown-css/4.0.0/github-markdown.min.css]
[ds1-iiith.vlabs.ac.in/exp/bubble-sort/assets/js/toggleSidebar.js]
[ds1-iiith.vlabs.ac.in/exp/bubble-sort/assets/fonts/font-awesome-4.7.0/fonts/fontawesome-webfont3e6e.eot]
[ds1-iiith.vlabs.ac.in/exp/bubble-sort/assets/fonts/font-awesome-4.7.0/fonts/fontawesome-webfontd41d.eot]
[ds1-iiith.vlabs.ac.in/exp/bubble-sort/assets/fonts/font-awesome-4.7.0/fonts/fontawesome-webfont3e6e.woff]
[ds1-iiith.vlabs.ac.in/exp/bubble-sort/assets/fonts/font-awesome-4.7.0/fonts/fontawesome-webfont3e6e.ttf]
[ds1-iiith.vlabs.ac.in/exp/bubble-sort/assets/fonts/font-awesome-4.7.0/css/font-awesome.min.css]
[ds1-iiith.vlabs.ac.in/exp/bubble-sort/assets/css/github-markdown.min.css]
[ds1-iiith.vlabs.ac.in/exp/bubble-sort/assets/css/vlabs-style.css]
[ds1-iiith.vlabs.ac.in/exp/bubble-sort/overview.html]
[ds1-iiith.vlabs.ac.in/exp/bubble-sort/images/sort.png]
[ds1-iiith.vlabs.ac.in/exp/bubble-sort/recap.html]
[ds1-iiith.vlabs.ac.in/exp/bubble-sort/pretest.html]
[ds1-iiith.vlabs.ac.in/exp/bubble-sort/bubble-sort/index.html]
[ds1-iiith.vlabs.ac.in/exp/bubble-sort/assets/js/assesment_v2.js]
[ds1-iiith.vlabs.ac.in/exp/bubble-sort/bubble-sort/images/swap.png]
[ds1-iiith.vlabs.ac.in/exp/bubble-sort/bubble-sort/basic-concept.html]
[ds1-iiith.vlabs.ac.in/exp/bubble-sort/bubble-sort/images/oneiteration.png]
[ds1-iiith.vlabs.ac.in/exp/bubble-sort/bubble-sort/images/bubble.png]
[ds1-iiith.vlabs.ac.in/exp/bubble-sort/bubble-sort/bsalgo.html]
[ds1-iiith.vlabs.ac.in/exp/bubble-sort/bubble-sort/bsdemo.html]
[ds1-iiith.vlabs.ac.in/exp/bubble-sort/bubble-sort/simulation/bsdemo.html]
[ds1-iiith.vlabs.ac.in/exp/bubble-sort/bubble-sort/bspractice.html]
[ds1-iiith.vlabs.ac.in/exp/bubble-sort/bubble-sort/simulation/bspractice.html]
[ds1-iiith.vlabs.ac.in/exp/bubble-sort/bubble-sort/bsexercise.html]
[ds1-iiith.vlabs.ac.in/exp/bubble-sort/bubble-sort/bubble-sort-quiz.html]
[ds1-iiith.vlabs.ac.in/exp/bubble-sort/optimized-bubblesort/index.html]
[ds1-iiith.vlabs.ac.in/exp/bubble-sort/bubble-sort/simulation/bsexercise.html]
[ds1-iiith.vlabs.ac.in/exp/bubble-sort/optimized-bubblesort/images/optimise1.png]
[ds1-iiith.vlabs.ac.in/exp/bubble-sort/optimized-bubblesort/optimization-technique.html]
[ds1-iiith.vlabs.ac.in/exp/bubble-sort/optimized-bubblesort/images/optimise2.png]
[ds1-iiith.vlabs.ac.in/exp/bubble-sort/optimized-bubblesort/opt-bs-demo.html]
[ds1-iiith.vlabs.ac.in/exp/bubble-sort/optimized-bubblesort/simulation/opt-bs-demo.html]
[ds1-iiith.vlabs.ac.in/exp/bubble-sort/optimized-bubblesort/opt-bs-practice.html]
[ds1-iiith.vlabs.ac.in/exp/bubble-sort/optimized-bubblesort/simulation/opt-bs-practice.html]
[ds1-iiith.vlabs.ac.in/exp/bubble-sort/optimized-bubblesort/opt-bs-exercise.html]
[ds1-iiith.vlabs.ac.in/exp/bubble-sort/optimized-bubblesort/opt-bs-quiz.html]
[ds1-iiith.vlabs.ac.in/exp/bubble-sort/analysis/index.html]
[ds1-iiith.vlabs.ac.in/exp/bubble-sort/analysis/overview.html]
[ds1-iiith.vlabs.ac.in/exp/bubble-sort/analysis/time-and-space-complexity-of-bubble-sort.html]
[ds1-iiith.vlabs.ac.in/exp/bubble-sort/optimized-bubblesort/simulation/opt-bs-exercise.html]
[ds1-iiith.vlabs.ac.in/exp/bubble-sort/analysis/time-and-spce-complexity.html]
[ds1-iiith.vlabs.ac.in/exp/bubble-sort/analysis/simulation/time-and-space-complexity.html]
[ds1-iiith.vlabs.ac.in/exp/bubble-sort/analysis/images/stable.png]
[ds1-iiith.vlabs.ac.in/exp/bubble-sort/analysis/images/stablebubble.png]
[ds1-iiith.vlabs.ac.in/exp/bubble-sort/analysis/stability-of-bubble-sort.html]
[ds1-iiith.vlabs.ac.in/exp/bubble-sort/analysis/images/comparison.png]
[ds1-iiith.vlabs.ac.in/exp/bubble-sort/analysis/comparison-with-other-algorithms.html]
[ds1-iiith.vlabs.ac.in/exp/bubble-sort/analysis/analysis-quiz.html]
[ds1-iiith.vlabs.ac.in/exp/bubble-sort/posttest.html]
[ds1-iiith.vlabs.ac.in/exp/bubble-sort/further-reading-and-references.html]
[ds1-iiith.vlabs.ac.in/exp/bubble-sort/feedback.html]
[ds1-iiith.vlabs.ac.in/exp/bubble-sort/assets/fonts/font-awesome-4.7.0/fonts/fontawesome-webfont3e6e.html]
[ds1-iiith.vlabs.ac.in/exp/bubble-sort/assets/fonts/font-awesome-4.7.0/fonts/fontawesome-webfont3e6e.svg]
[ds1-iiith.vlabs.ac.in/exp/bubble-sort/bubble-sort/simulation/css/bubble_css.css]
[ds1-iiith.vlabs.ac.in/exp/bubble-sort/assets/css/common-styles-responsive.css]
[ds1-iiith.vlabs.ac.in/exp/bubble-sort/bubble-sort/simulation/js/bubble_demo.js]
[ds1-iiith.vlabs.ac.in/exp/bubble-sort/assets/js/instruction-box.js]
[ds1-iiith.vlabs.ac.in/exp/bubble-sort/bubble-sort/simulation/bsdemo.html]
[ds1-iiith.vlabs.ac.in/exp/bubble-sort/assets/js/iframeResize.js]
[ds1-iiith.vlabs.ac.in/exp/bubble-sort/bubble-sort/simulation/bspractice.html]
[ds1-iiith.vlabs.ac.in/exp/bubble-sort/bubble-sort/simulation/js/bubble_practice.js]
[ds1-iiith.vlabs.ac.in/exp/bubble-sort/bubble-sort/simulation/bsexercise.html]
[ds1-iiith.vlabs.ac.in/exp/bubble-sort/bubble-sort/simulation/js/bubble_exercise.js]
[ds1-iiith.vlabs.ac.in/exp/bubble-sort/optimized-bubblesort/simulation/css/bubble_css.css]
[ds1-iiith.vlabs.ac.in/exp/bubble-sort/optimized-bubblesort/simulation/opt-bs-demo.html]
[ds1-iiith.vlabs.ac.in/exp/bubble-sort/optimized-bubblesort/simulation/js/optibubble_demo.js]
[ds1-iiith.vlabs.ac.in/exp/bubble-sort/optimized-bubblesort/simulation/opt-bs-practice.html]
[ds1-iiith.vlabs.ac.in/exp/bubble-sort/optimized-bubblesort/simulation/js/optibubble_practice.js]
[ds1-iiith.vlabs.ac.in/exp/bubble-sort/optimized-bubblesort/simulation/opt-bs-exercise.html]
[ds1-iiith.vlabs.ac.in/exp/bubble-sort/optimized-bubblesort/simulation/js/optibubble_exercise.js]
[ds1-iiith.vlabs.ac.in/exp/bubble-sort/analysis/simulation/css/bubble_css.css]
[ds1-iiith.vlabs.ac.in/exp/bubble-sort/assets/css/common-styles.css]
[ds1-iiith.vlabs.ac.in/exp/bubble-sort/analysis/simulation/time-and-space-complexity.html]
[ds1-iiith.vlabs.ac.in/exp/bubble-sort/bubble-sort/simulation/css/bubble_css.css]
[ds1-iiith.vlabs.ac.in/exp/bubble-sort/assets/css/common-styles-responsive.css]
[ds1-iiith.vlabs.ac.in/exp/bubble-sort/optimized-bubblesort/simulation/css/bubble_css.css]
[ds1-iiith.vlabs.ac.in/exp/bubble-sort/analysis/simulation/css/bubble_css.css]
[ds1-iiith.vlabs.ac.in/exp/bubble-sort/assets/css/common-styles.css]
[ds1-iiith.vlabs.ac.in/exp/bubble-sort/analysis/simulation/js/bubble_time.js]
